// Jest Snapshot v1, https://goo.gl/fbAQLP

exports[`Snapshot media-insights-test-operations stack test 1`] = `
{
  "AWSTemplateFormatVersion": "2010-09-09",
  "Description": "media-insights-on-aws version %%VERSION%%. This AWS CloudFormation template  provisions operators, stages, and workflows used for testing the Media Insights on AWS",
  "Mappings": {
    "SourceCode": {
      "General": {
        "CodeKeyPrefix": "media-insights-on-aws/%%VERSION%%",
        "RegionalS3Bucket": "%%REGIONAL_BUCKET_NAME%%",
      },
    },
  },
  "Outputs": {
    "AudioAsyncOKLambda": {
      "Value": {
        "Fn::GetAtt": [
          "AudioAsyncOKLambda",
          "Arn",
        ],
      },
    },
    "AudioAsyncOKMonitorLambda": {
      "Value": {
        "Fn::GetAtt": [
          "AudioAsyncOKMonitorLambda",
          "Arn",
        ],
      },
    },
    "AudioSyncOKLambda": {
      "Value": {
        "Fn::GetAtt": [
          "AudioSyncOKLambda",
          "Arn",
        ],
      },
    },
    "ImageAsyncOKLambda": {
      "Value": {
        "Fn::GetAtt": [
          "ImageAsyncOKLambda",
          "Arn",
        ],
      },
    },
    "ImageAsyncOKMonitorLambda": {
      "Value": {
        "Fn::GetAtt": [
          "ImageAsyncOKMonitorLambda",
          "Arn",
        ],
      },
    },
    "ImageSyncOKLambda": {
      "Value": {
        "Fn::GetAtt": [
          "ImageSyncOKLambda",
          "Arn",
        ],
      },
    },
    "TextAsyncOKLambda": {
      "Value": {
        "Fn::GetAtt": [
          "TextAsyncOKLambda",
          "Arn",
        ],
      },
    },
    "TextAsyncOKMonitorLambda": {
      "Value": {
        "Fn::GetAtt": [
          "TextAsyncOKMonitorLambda",
          "Arn",
        ],
      },
    },
    "TextSyncOKLambda": {
      "Value": {
        "Fn::GetAtt": [
          "TextSyncOKLambda",
          "Arn",
        ],
      },
    },
    "VideoAsyncFailMonitorLambda": {
      "Value": {
        "Fn::GetAtt": [
          "VideoAsyncFailMonitorLambda",
          "Arn",
        ],
      },
    },
    "VideoAsyncOKLambda": {
      "Value": {
        "Fn::GetAtt": [
          "VideoAsyncOKLambda",
          "Arn",
        ],
      },
    },
    "VideoAsyncOKMonitorLambda": {
      "Value": {
        "Fn::GetAtt": [
          "VideoAsyncOKMonitorLambda",
          "Arn",
        ],
      },
    },
    "VideoSyncFailLambda": {
      "Value": {
        "Fn::GetAtt": [
          "VideoSyncFailLambda",
          "Arn",
        ],
      },
    },
    "VideoSyncOKLambda": {
      "Value": {
        "Fn::GetAtt": [
          "VideoSyncOKLambda",
          "Arn",
        ],
      },
    },
  },
  "Parameters": {
    "DataPlaneBucket": {
      "Description": "Bucket for the dataplane",
      "Type": "String",
    },
    "DataplaneEndpoint": {
      "Description": "Lambda name of the dataplane handler",
      "Type": "String",
    },
    "referencetoMiTestStackMediaInsightsOnAwsPython311Layer": {
      "Type": "String",
    },
  },
  "Resources": {
    "AudioAsyncOKLambda": {
      "DependsOn": [
        "TestExecutionRole",
      ],
      "Metadata": {
        "cdk_nag": {
          "rules_to_suppress": [
            {
              "id": "AwsSolutions-L1",
              "reason": "Latest lambda version not supported at this time.",
            },
          ],
        },
        "cfn_nag": {
          "rules_to_suppress": [
            {
              "id": "W89",
              "reason": "This Lambda function does not need to access any resource provisioned within a VPC.",
            },
            {
              "id": "W92",
              "reason": "This function does not require performance optimization, so the default concurrency limits suffice.",
            },
          ],
        },
      },
      "Properties": {
        "Code": {
          "S3Bucket": {
            "Fn::Join": [
              "-",
              [
                {
                  "Fn::FindInMap": [
                    "SourceCode",
                    "General",
                    "RegionalS3Bucket",
                  ],
                },
                {
                  "Ref": "AWS::Region",
                },
              ],
            ],
          },
          "S3Key": {
            "Fn::Join": [
              "/",
              [
                {
                  "Fn::FindInMap": [
                    "SourceCode",
                    "General",
                    "CodeKeyPrefix",
                  ],
                },
                "test_operations.zip",
              ],
            ],
          },
        },
        "Environment": {
          "Variables": {
            "DATAPLANE_BUCKET": {
              "Ref": "DataPlaneBucket",
            },
            "DataplaneEndpoint": {
              "Ref": "DataplaneEndpoint",
            },
          },
        },
        "FunctionName": {
          "Fn::Join": [
            "",
            [
              {
                "Ref": "AWS::StackName",
              },
              "-audio-async-ok",
            ],
          ],
        },
        "Handler": "test.audio_async_ok_lambda_handler",
        "Layers": [
          {
            "Ref": "referencetoMiTestStackMediaInsightsOnAwsPython311Layer",
          },
        ],
        "MemorySize": 256,
        "Role": {
          "Fn::GetAtt": [
            "TestExecutionRole",
            "Arn",
          ],
        },
        "Runtime": "python3.11",
        "Tags": [
          {
            "Key": "environment",
            "Value": "mie",
          },
        ],
        "Timeout": 900,
      },
      "Type": "AWS::Lambda::Function",
    },
    "AudioAsyncOKMonitorLambda": {
      "DependsOn": [
        "TestExecutionRole",
      ],
      "Metadata": {
        "cdk_nag": {
          "rules_to_suppress": [
            {
              "id": "AwsSolutions-L1",
              "reason": "Latest lambda version not supported at this time.",
            },
          ],
        },
        "cfn_nag": {
          "rules_to_suppress": [
            {
              "id": "W89",
              "reason": "This Lambda function does not need to access any resource provisioned within a VPC.",
            },
            {
              "id": "W92",
              "reason": "This function does not require performance optimization, so the default concurrency limits suffice.",
            },
          ],
        },
      },
      "Properties": {
        "Code": {
          "S3Bucket": {
            "Fn::Join": [
              "-",
              [
                {
                  "Fn::FindInMap": [
                    "SourceCode",
                    "General",
                    "RegionalS3Bucket",
                  ],
                },
                {
                  "Ref": "AWS::Region",
                },
              ],
            ],
          },
          "S3Key": {
            "Fn::Join": [
              "/",
              [
                {
                  "Fn::FindInMap": [
                    "SourceCode",
                    "General",
                    "CodeKeyPrefix",
                  ],
                },
                "test_operations.zip",
              ],
            ],
          },
        },
        "Environment": {
          "Variables": {
            "DATAPLANE_BUCKET": {
              "Ref": "DataPlaneBucket",
            },
            "DataplaneEndpoint": {
              "Ref": "DataplaneEndpoint",
            },
          },
        },
        "FunctionName": {
          "Fn::Join": [
            "",
            [
              {
                "Ref": "AWS::StackName",
              },
              "-audio-async-ok-monitor",
            ],
          ],
        },
        "Handler": "test.audio_async_ok_monitor_lambda_handler",
        "Layers": [
          {
            "Ref": "referencetoMiTestStackMediaInsightsOnAwsPython311Layer",
          },
        ],
        "MemorySize": 256,
        "Role": {
          "Fn::GetAtt": [
            "TestExecutionRole",
            "Arn",
          ],
        },
        "Runtime": "python3.11",
        "Tags": [
          {
            "Key": "environment",
            "Value": "mie",
          },
        ],
        "Timeout": 900,
      },
      "Type": "AWS::Lambda::Function",
    },
    "AudioSyncOKLambda": {
      "DependsOn": [
        "TestExecutionRole",
      ],
      "Metadata": {
        "cdk_nag": {
          "rules_to_suppress": [
            {
              "id": "AwsSolutions-L1",
              "reason": "Latest lambda version not supported at this time.",
            },
          ],
        },
        "cfn_nag": {
          "rules_to_suppress": [
            {
              "id": "W89",
              "reason": "This Lambda function does not need to access any resource provisioned within a VPC.",
            },
            {
              "id": "W92",
              "reason": "This function does not require performance optimization, so the default concurrency limits suffice.",
            },
          ],
        },
      },
      "Properties": {
        "Code": {
          "S3Bucket": {
            "Fn::Join": [
              "-",
              [
                {
                  "Fn::FindInMap": [
                    "SourceCode",
                    "General",
                    "RegionalS3Bucket",
                  ],
                },
                {
                  "Ref": "AWS::Region",
                },
              ],
            ],
          },
          "S3Key": {
            "Fn::Join": [
              "/",
              [
                {
                  "Fn::FindInMap": [
                    "SourceCode",
                    "General",
                    "CodeKeyPrefix",
                  ],
                },
                "test_operations.zip",
              ],
            ],
          },
        },
        "Environment": {
          "Variables": {
            "DATAPLANE_BUCKET": {
              "Ref": "DataPlaneBucket",
            },
            "DataplaneEndpoint": {
              "Ref": "DataplaneEndpoint",
            },
          },
        },
        "FunctionName": {
          "Fn::Join": [
            "",
            [
              {
                "Ref": "AWS::StackName",
              },
              "-audio-sync-ok",
            ],
          ],
        },
        "Handler": "test.audio_sync_ok_lambda_handler",
        "Layers": [
          {
            "Ref": "referencetoMiTestStackMediaInsightsOnAwsPython311Layer",
          },
        ],
        "MemorySize": 256,
        "Role": {
          "Fn::GetAtt": [
            "TestExecutionRole",
            "Arn",
          ],
        },
        "Runtime": "python3.11",
        "Tags": [
          {
            "Key": "environment",
            "Value": "mie",
          },
        ],
        "Timeout": 900,
      },
      "Type": "AWS::Lambda::Function",
    },
    "ImageAsyncOKLambda": {
      "DependsOn": [
        "TestExecutionRole",
      ],
      "Metadata": {
        "cdk_nag": {
          "rules_to_suppress": [
            {
              "id": "AwsSolutions-L1",
              "reason": "Latest lambda version not supported at this time.",
            },
          ],
        },
        "cfn_nag": {
          "rules_to_suppress": [
            {
              "id": "W89",
              "reason": "This Lambda function does not need to access any resource provisioned within a VPC.",
            },
            {
              "id": "W92",
              "reason": "This function does not require performance optimization, so the default concurrency limits suffice.",
            },
          ],
        },
      },
      "Properties": {
        "Code": {
          "S3Bucket": {
            "Fn::Join": [
              "-",
              [
                {
                  "Fn::FindInMap": [
                    "SourceCode",
                    "General",
                    "RegionalS3Bucket",
                  ],
                },
                {
                  "Ref": "AWS::Region",
                },
              ],
            ],
          },
          "S3Key": {
            "Fn::Join": [
              "/",
              [
                {
                  "Fn::FindInMap": [
                    "SourceCode",
                    "General",
                    "CodeKeyPrefix",
                  ],
                },
                "test_operations.zip",
              ],
            ],
          },
        },
        "Environment": {
          "Variables": {
            "DATAPLANE_BUCKET": {
              "Ref": "DataPlaneBucket",
            },
            "DataplaneEndpoint": {
              "Ref": "DataplaneEndpoint",
            },
          },
        },
        "FunctionName": {
          "Fn::Join": [
            "",
            [
              {
                "Ref": "AWS::StackName",
              },
              "-image-async-ok",
            ],
          ],
        },
        "Handler": "test.image_async_ok_lambda_handler",
        "Layers": [
          {
            "Ref": "referencetoMiTestStackMediaInsightsOnAwsPython311Layer",
          },
        ],
        "MemorySize": 256,
        "Role": {
          "Fn::GetAtt": [
            "TestExecutionRole",
            "Arn",
          ],
        },
        "Runtime": "python3.11",
        "Tags": [
          {
            "Key": "environment",
            "Value": "mie",
          },
        ],
        "Timeout": 900,
      },
      "Type": "AWS::Lambda::Function",
    },
    "ImageAsyncOKMonitorLambda": {
      "DependsOn": [
        "TestExecutionRole",
      ],
      "Metadata": {
        "cdk_nag": {
          "rules_to_suppress": [
            {
              "id": "AwsSolutions-L1",
              "reason": "Latest lambda version not supported at this time.",
            },
          ],
        },
        "cfn_nag": {
          "rules_to_suppress": [
            {
              "id": "W89",
              "reason": "This Lambda function does not need to access any resource provisioned within a VPC.",
            },
            {
              "id": "W92",
              "reason": "This function does not require performance optimization, so the default concurrency limits suffice.",
            },
          ],
        },
      },
      "Properties": {
        "Code": {
          "S3Bucket": {
            "Fn::Join": [
              "-",
              [
                {
                  "Fn::FindInMap": [
                    "SourceCode",
                    "General",
                    "RegionalS3Bucket",
                  ],
                },
                {
                  "Ref": "AWS::Region",
                },
              ],
            ],
          },
          "S3Key": {
            "Fn::Join": [
              "/",
              [
                {
                  "Fn::FindInMap": [
                    "SourceCode",
                    "General",
                    "CodeKeyPrefix",
                  ],
                },
                "test_operations.zip",
              ],
            ],
          },
        },
        "Environment": {
          "Variables": {
            "DATAPLANE_BUCKET": {
              "Ref": "DataPlaneBucket",
            },
            "DataplaneEndpoint": {
              "Ref": "DataplaneEndpoint",
            },
          },
        },
        "FunctionName": {
          "Fn::Join": [
            "",
            [
              {
                "Ref": "AWS::StackName",
              },
              "-image-async-ok-monitor",
            ],
          ],
        },
        "Handler": "test.image_async_ok_monitor_lambda_handler",
        "Layers": [
          {
            "Ref": "referencetoMiTestStackMediaInsightsOnAwsPython311Layer",
          },
        ],
        "MemorySize": 256,
        "Role": {
          "Fn::GetAtt": [
            "TestExecutionRole",
            "Arn",
          ],
        },
        "Runtime": "python3.11",
        "Tags": [
          {
            "Key": "environment",
            "Value": "mie",
          },
        ],
        "Timeout": 900,
      },
      "Type": "AWS::Lambda::Function",
    },
    "ImageSyncOKLambda": {
      "DependsOn": [
        "TestExecutionRole",
      ],
      "Metadata": {
        "cdk_nag": {
          "rules_to_suppress": [
            {
              "id": "AwsSolutions-L1",
              "reason": "Latest lambda version not supported at this time.",
            },
          ],
        },
        "cfn_nag": {
          "rules_to_suppress": [
            {
              "id": "W89",
              "reason": "This Lambda function does not need to access any resource provisioned within a VPC.",
            },
            {
              "id": "W92",
              "reason": "This function does not require performance optimization, so the default concurrency limits suffice.",
            },
          ],
        },
      },
      "Properties": {
        "Code": {
          "S3Bucket": {
            "Fn::Join": [
              "-",
              [
                {
                  "Fn::FindInMap": [
                    "SourceCode",
                    "General",
                    "RegionalS3Bucket",
                  ],
                },
                {
                  "Ref": "AWS::Region",
                },
              ],
            ],
          },
          "S3Key": {
            "Fn::Join": [
              "/",
              [
                {
                  "Fn::FindInMap": [
                    "SourceCode",
                    "General",
                    "CodeKeyPrefix",
                  ],
                },
                "test_operations.zip",
              ],
            ],
          },
        },
        "Environment": {
          "Variables": {
            "DATAPLANE_BUCKET": {
              "Ref": "DataPlaneBucket",
            },
            "DataplaneEndpoint": {
              "Ref": "DataplaneEndpoint",
            },
          },
        },
        "FunctionName": {
          "Fn::Join": [
            "",
            [
              {
                "Ref": "AWS::StackName",
              },
              "-image-sync-ok",
            ],
          ],
        },
        "Handler": "test.image_sync_ok_lambda_handler",
        "Layers": [
          {
            "Ref": "referencetoMiTestStackMediaInsightsOnAwsPython311Layer",
          },
        ],
        "MemorySize": 256,
        "Role": {
          "Fn::GetAtt": [
            "TestExecutionRole",
            "Arn",
          ],
        },
        "Runtime": "python3.11",
        "Tags": [
          {
            "Key": "environment",
            "Value": "mie",
          },
        ],
        "Timeout": 900,
      },
      "Type": "AWS::Lambda::Function",
    },
    "TestExecutionRole": {
      "Metadata": {
        "cdk_nag": {
          "rules_to_suppress": [
            {
              "id": "AwsSolutions-IAM5",
              "reason": "Resource ARNs are not generated at the time of policy creation",
            },
          ],
        },
      },
      "Properties": {
        "AssumeRolePolicyDocument": {
          "Statement": [
            {
              "Action": "sts:AssumeRole",
              "Effect": "Allow",
              "Principal": {
                "Service": "lambda.amazonaws.com",
              },
            },
          ],
          "Version": "2012-10-17",
        },
        "Policies": [
          {
            "PolicyDocument": {
              "Statement": [
                {
                  "Action": "states:StartExecution",
                  "Effect": "Allow",
                  "Resource": {
                    "Fn::Join": [
                      "",
                      [
                        "arn:",
                        {
                          "Ref": "AWS::Partition",
                        },
                        ":states:",
                        {
                          "Ref": "AWS::Region",
                        },
                        ":",
                        {
                          "Ref": "AWS::AccountId",
                        },
                        ":stateMachine:",
                        {
                          "Ref": "AWS::StackName",
                        },
                        "*",
                      ],
                    ],
                  },
                },
                {
                  "Action": [
                    "logs:CreateLogGroup",
                    "logs:CreateLogStream",
                    "logs:PutLogEvents",
                  ],
                  "Effect": "Allow",
                  "Resource": {
                    "Fn::Join": [
                      "",
                      [
                        "arn:",
                        {
                          "Ref": "AWS::Partition",
                        },
                        ":logs:",
                        {
                          "Ref": "AWS::Region",
                        },
                        ":",
                        {
                          "Ref": "AWS::AccountId",
                        },
                        ":log-group:/aws/lambda/*",
                      ],
                    ],
                  },
                },
              ],
              "Version": "2012-10-17",
            },
            "PolicyName": {
              "Fn::Join": [
                "",
                [
                  {
                    "Ref": "AWS::StackName",
                  },
                  "-test-execution-lambda-role",
                ],
              ],
            },
          },
        ],
        "Tags": [
          {
            "Key": "environment",
            "Value": "mie",
          },
        ],
      },
      "Type": "AWS::IAM::Role",
    },
    "TextAsyncOKLambda": {
      "DependsOn": [
        "TestExecutionRole",
      ],
      "Metadata": {
        "cdk_nag": {
          "rules_to_suppress": [
            {
              "id": "AwsSolutions-L1",
              "reason": "Latest lambda version not supported at this time.",
            },
          ],
        },
        "cfn_nag": {
          "rules_to_suppress": [
            {
              "id": "W89",
              "reason": "This Lambda function does not need to access any resource provisioned within a VPC.",
            },
            {
              "id": "W92",
              "reason": "This function does not require performance optimization, so the default concurrency limits suffice.",
            },
          ],
        },
      },
      "Properties": {
        "Code": {
          "S3Bucket": {
            "Fn::Join": [
              "-",
              [
                {
                  "Fn::FindInMap": [
                    "SourceCode",
                    "General",
                    "RegionalS3Bucket",
                  ],
                },
                {
                  "Ref": "AWS::Region",
                },
              ],
            ],
          },
          "S3Key": {
            "Fn::Join": [
              "/",
              [
                {
                  "Fn::FindInMap": [
                    "SourceCode",
                    "General",
                    "CodeKeyPrefix",
                  ],
                },
                "test_operations.zip",
              ],
            ],
          },
        },
        "Environment": {
          "Variables": {
            "DATAPLANE_BUCKET": {
              "Ref": "DataPlaneBucket",
            },
            "DataplaneEndpoint": {
              "Ref": "DataplaneEndpoint",
            },
          },
        },
        "FunctionName": {
          "Fn::Join": [
            "",
            [
              {
                "Ref": "AWS::StackName",
              },
              "-text-async-ok",
            ],
          ],
        },
        "Handler": "test.text_async_ok_lambda_handler",
        "Layers": [
          {
            "Ref": "referencetoMiTestStackMediaInsightsOnAwsPython311Layer",
          },
        ],
        "MemorySize": 256,
        "Role": {
          "Fn::GetAtt": [
            "TestExecutionRole",
            "Arn",
          ],
        },
        "Runtime": "python3.11",
        "Tags": [
          {
            "Key": "environment",
            "Value": "mie",
          },
        ],
        "Timeout": 900,
      },
      "Type": "AWS::Lambda::Function",
    },
    "TextAsyncOKMonitorLambda": {
      "DependsOn": [
        "TestExecutionRole",
      ],
      "Metadata": {
        "cdk_nag": {
          "rules_to_suppress": [
            {
              "id": "AwsSolutions-L1",
              "reason": "Latest lambda version not supported at this time.",
            },
          ],
        },
        "cfn_nag": {
          "rules_to_suppress": [
            {
              "id": "W89",
              "reason": "This Lambda function does not need to access any resource provisioned within a VPC.",
            },
            {
              "id": "W92",
              "reason": "This function does not require performance optimization, so the default concurrency limits suffice.",
            },
          ],
        },
      },
      "Properties": {
        "Code": {
          "S3Bucket": {
            "Fn::Join": [
              "-",
              [
                {
                  "Fn::FindInMap": [
                    "SourceCode",
                    "General",
                    "RegionalS3Bucket",
                  ],
                },
                {
                  "Ref": "AWS::Region",
                },
              ],
            ],
          },
          "S3Key": {
            "Fn::Join": [
              "/",
              [
                {
                  "Fn::FindInMap": [
                    "SourceCode",
                    "General",
                    "CodeKeyPrefix",
                  ],
                },
                "test_operations.zip",
              ],
            ],
          },
        },
        "Environment": {
          "Variables": {
            "DATAPLANE_BUCKET": {
              "Ref": "DataPlaneBucket",
            },
            "DataplaneEndpoint": {
              "Ref": "DataplaneEndpoint",
            },
          },
        },
        "FunctionName": {
          "Fn::Join": [
            "",
            [
              {
                "Ref": "AWS::StackName",
              },
              "-text-async-ok-monitor",
            ],
          ],
        },
        "Handler": "test.text_async_ok_monitor_lambda_handler",
        "Layers": [
          {
            "Ref": "referencetoMiTestStackMediaInsightsOnAwsPython311Layer",
          },
        ],
        "MemorySize": 256,
        "Role": {
          "Fn::GetAtt": [
            "TestExecutionRole",
            "Arn",
          ],
        },
        "Runtime": "python3.11",
        "Tags": [
          {
            "Key": "environment",
            "Value": "mie",
          },
        ],
        "Timeout": 900,
      },
      "Type": "AWS::Lambda::Function",
    },
    "TextSyncOKLambda": {
      "DependsOn": [
        "TestExecutionRole",
      ],
      "Metadata": {
        "cdk_nag": {
          "rules_to_suppress": [
            {
              "id": "AwsSolutions-L1",
              "reason": "Latest lambda version not supported at this time.",
            },
          ],
        },
        "cfn_nag": {
          "rules_to_suppress": [
            {
              "id": "W89",
              "reason": "This Lambda function does not need to access any resource provisioned within a VPC.",
            },
            {
              "id": "W92",
              "reason": "This function does not require performance optimization, so the default concurrency limits suffice.",
            },
          ],
        },
      },
      "Properties": {
        "Code": {
          "S3Bucket": {
            "Fn::Join": [
              "-",
              [
                {
                  "Fn::FindInMap": [
                    "SourceCode",
                    "General",
                    "RegionalS3Bucket",
                  ],
                },
                {
                  "Ref": "AWS::Region",
                },
              ],
            ],
          },
          "S3Key": {
            "Fn::Join": [
              "/",
              [
                {
                  "Fn::FindInMap": [
                    "SourceCode",
                    "General",
                    "CodeKeyPrefix",
                  ],
                },
                "test_operations.zip",
              ],
            ],
          },
        },
        "Environment": {
          "Variables": {
            "DATAPLANE_BUCKET": {
              "Ref": "DataPlaneBucket",
            },
            "DataplaneEndpoint": {
              "Ref": "DataplaneEndpoint",
            },
          },
        },
        "FunctionName": {
          "Fn::Join": [
            "",
            [
              {
                "Ref": "AWS::StackName",
              },
              "-text-sync-ok",
            ],
          ],
        },
        "Handler": "test.text_sync_ok_lambda_handler",
        "Layers": [
          {
            "Ref": "referencetoMiTestStackMediaInsightsOnAwsPython311Layer",
          },
        ],
        "MemorySize": 256,
        "Role": {
          "Fn::GetAtt": [
            "TestExecutionRole",
            "Arn",
          ],
        },
        "Runtime": "python3.11",
        "Tags": [
          {
            "Key": "environment",
            "Value": "mie",
          },
        ],
        "Timeout": 900,
      },
      "Type": "AWS::Lambda::Function",
    },
    "VideoAsyncFailMonitorLambda": {
      "DependsOn": [
        "TestExecutionRole",
      ],
      "Metadata": {
        "cdk_nag": {
          "rules_to_suppress": [
            {
              "id": "AwsSolutions-L1",
              "reason": "Latest lambda version not supported at this time.",
            },
          ],
        },
        "cfn_nag": {
          "rules_to_suppress": [
            {
              "id": "W89",
              "reason": "This Lambda function does not need to access any resource provisioned within a VPC.",
            },
            {
              "id": "W92",
              "reason": "This function does not require performance optimization, so the default concurrency limits suffice.",
            },
          ],
        },
      },
      "Properties": {
        "Code": {
          "S3Bucket": {
            "Fn::Join": [
              "-",
              [
                {
                  "Fn::FindInMap": [
                    "SourceCode",
                    "General",
                    "RegionalS3Bucket",
                  ],
                },
                {
                  "Ref": "AWS::Region",
                },
              ],
            ],
          },
          "S3Key": {
            "Fn::Join": [
              "/",
              [
                {
                  "Fn::FindInMap": [
                    "SourceCode",
                    "General",
                    "CodeKeyPrefix",
                  ],
                },
                "test_operations.zip",
              ],
            ],
          },
        },
        "Environment": {
          "Variables": {
            "DATAPLANE_BUCKET": {
              "Ref": "DataPlaneBucket",
            },
            "DataplaneEndpoint": {
              "Ref": "DataplaneEndpoint",
            },
          },
        },
        "FunctionName": {
          "Fn::Join": [
            "",
            [
              {
                "Ref": "AWS::StackName",
              },
              "-video-async-fail-monitor",
            ],
          ],
        },
        "Handler": "test.video_async_fail_monitor_lambda_handler",
        "Layers": [
          {
            "Ref": "referencetoMiTestStackMediaInsightsOnAwsPython311Layer",
          },
        ],
        "MemorySize": 256,
        "Role": {
          "Fn::GetAtt": [
            "TestExecutionRole",
            "Arn",
          ],
        },
        "Runtime": "python3.11",
        "Tags": [
          {
            "Key": "environment",
            "Value": "mie",
          },
        ],
        "Timeout": 900,
      },
      "Type": "AWS::Lambda::Function",
    },
    "VideoAsyncOKLambda": {
      "DependsOn": [
        "TestExecutionRole",
      ],
      "Metadata": {
        "cdk_nag": {
          "rules_to_suppress": [
            {
              "id": "AwsSolutions-L1",
              "reason": "Latest lambda version not supported at this time.",
            },
          ],
        },
        "cfn_nag": {
          "rules_to_suppress": [
            {
              "id": "W89",
              "reason": "This Lambda function does not need to access any resource provisioned within a VPC.",
            },
            {
              "id": "W92",
              "reason": "This function does not require performance optimization, so the default concurrency limits suffice.",
            },
          ],
        },
      },
      "Properties": {
        "Code": {
          "S3Bucket": {
            "Fn::Join": [
              "-",
              [
                {
                  "Fn::FindInMap": [
                    "SourceCode",
                    "General",
                    "RegionalS3Bucket",
                  ],
                },
                {
                  "Ref": "AWS::Region",
                },
              ],
            ],
          },
          "S3Key": {
            "Fn::Join": [
              "/",
              [
                {
                  "Fn::FindInMap": [
                    "SourceCode",
                    "General",
                    "CodeKeyPrefix",
                  ],
                },
                "test_operations.zip",
              ],
            ],
          },
        },
        "Environment": {
          "Variables": {
            "DATAPLANE_BUCKET": {
              "Ref": "DataPlaneBucket",
            },
            "DataplaneEndpoint": {
              "Ref": "DataplaneEndpoint",
            },
          },
        },
        "FunctionName": {
          "Fn::Join": [
            "",
            [
              {
                "Ref": "AWS::StackName",
              },
              "-video-async-ok",
            ],
          ],
        },
        "Handler": "test.video_async_ok_lambda_handler",
        "Layers": [
          {
            "Ref": "referencetoMiTestStackMediaInsightsOnAwsPython311Layer",
          },
        ],
        "MemorySize": 256,
        "Role": {
          "Fn::GetAtt": [
            "TestExecutionRole",
            "Arn",
          ],
        },
        "Runtime": "python3.11",
        "Tags": [
          {
            "Key": "environment",
            "Value": "mie",
          },
        ],
        "Timeout": 900,
      },
      "Type": "AWS::Lambda::Function",
    },
    "VideoAsyncOKMonitorLambda": {
      "DependsOn": [
        "TestExecutionRole",
      ],
      "Metadata": {
        "cdk_nag": {
          "rules_to_suppress": [
            {
              "id": "AwsSolutions-L1",
              "reason": "Latest lambda version not supported at this time.",
            },
          ],
        },
        "cfn_nag": {
          "rules_to_suppress": [
            {
              "id": "W89",
              "reason": "This Lambda function does not need to access any resource provisioned within a VPC.",
            },
            {
              "id": "W92",
              "reason": "This function does not require performance optimization, so the default concurrency limits suffice.",
            },
          ],
        },
      },
      "Properties": {
        "Code": {
          "S3Bucket": {
            "Fn::Join": [
              "-",
              [
                {
                  "Fn::FindInMap": [
                    "SourceCode",
                    "General",
                    "RegionalS3Bucket",
                  ],
                },
                {
                  "Ref": "AWS::Region",
                },
              ],
            ],
          },
          "S3Key": {
            "Fn::Join": [
              "/",
              [
                {
                  "Fn::FindInMap": [
                    "SourceCode",
                    "General",
                    "CodeKeyPrefix",
                  ],
                },
                "test_operations.zip",
              ],
            ],
          },
        },
        "Environment": {
          "Variables": {
            "DATAPLANE_BUCKET": {
              "Ref": "DataPlaneBucket",
            },
            "DataplaneEndpoint": {
              "Ref": "DataplaneEndpoint",
            },
          },
        },
        "FunctionName": {
          "Fn::Join": [
            "",
            [
              {
                "Ref": "AWS::StackName",
              },
              "-video-async-ok-monitor",
            ],
          ],
        },
        "Handler": "test.video_async_ok_monitor_lambda_handler",
        "Layers": [
          {
            "Ref": "referencetoMiTestStackMediaInsightsOnAwsPython311Layer",
          },
        ],
        "MemorySize": 256,
        "Role": {
          "Fn::GetAtt": [
            "TestExecutionRole",
            "Arn",
          ],
        },
        "Runtime": "python3.11",
        "Tags": [
          {
            "Key": "environment",
            "Value": "mie",
          },
        ],
        "Timeout": 900,
      },
      "Type": "AWS::Lambda::Function",
    },
    "VideoSyncFailLambda": {
      "DependsOn": [
        "TestExecutionRole",
      ],
      "Metadata": {
        "cdk_nag": {
          "rules_to_suppress": [
            {
              "id": "AwsSolutions-L1",
              "reason": "Latest lambda version not supported at this time.",
            },
          ],
        },
        "cfn_nag": {
          "rules_to_suppress": [
            {
              "id": "W89",
              "reason": "This Lambda function does not need to access any resource provisioned within a VPC.",
            },
            {
              "id": "W92",
              "reason": "This function does not require performance optimization, so the default concurrency limits suffice.",
            },
          ],
        },
      },
      "Properties": {
        "Code": {
          "S3Bucket": {
            "Fn::Join": [
              "-",
              [
                {
                  "Fn::FindInMap": [
                    "SourceCode",
                    "General",
                    "RegionalS3Bucket",
                  ],
                },
                {
                  "Ref": "AWS::Region",
                },
              ],
            ],
          },
          "S3Key": {
            "Fn::Join": [
              "/",
              [
                {
                  "Fn::FindInMap": [
                    "SourceCode",
                    "General",
                    "CodeKeyPrefix",
                  ],
                },
                "test_operations.zip",
              ],
            ],
          },
        },
        "Environment": {
          "Variables": {
            "DATAPLANE_BUCKET": {
              "Ref": "DataPlaneBucket",
            },
            "DataplaneEndpoint": {
              "Ref": "DataplaneEndpoint",
            },
          },
        },
        "FunctionName": {
          "Fn::Join": [
            "",
            [
              {
                "Ref": "AWS::StackName",
              },
              "-video-sync-fail",
            ],
          ],
        },
        "Handler": "test.video_sync_fail_lambda_handler",
        "Layers": [
          {
            "Ref": "referencetoMiTestStackMediaInsightsOnAwsPython311Layer",
          },
        ],
        "MemorySize": 256,
        "Role": {
          "Fn::GetAtt": [
            "TestExecutionRole",
            "Arn",
          ],
        },
        "Runtime": "python3.11",
        "Tags": [
          {
            "Key": "environment",
            "Value": "mie",
          },
        ],
        "Timeout": 900,
      },
      "Type": "AWS::Lambda::Function",
    },
    "VideoSyncOKLambda": {
      "DependsOn": [
        "TestExecutionRole",
      ],
      "Metadata": {
        "cdk_nag": {
          "rules_to_suppress": [
            {
              "id": "AwsSolutions-L1",
              "reason": "Latest lambda version not supported at this time.",
            },
          ],
        },
        "cfn_nag": {
          "rules_to_suppress": [
            {
              "id": "W89",
              "reason": "This Lambda function does not need to access any resource provisioned within a VPC.",
            },
            {
              "id": "W92",
              "reason": "This function does not require performance optimization, so the default concurrency limits suffice.",
            },
          ],
        },
      },
      "Properties": {
        "Code": {
          "S3Bucket": {
            "Fn::Join": [
              "-",
              [
                {
                  "Fn::FindInMap": [
                    "SourceCode",
                    "General",
                    "RegionalS3Bucket",
                  ],
                },
                {
                  "Ref": "AWS::Region",
                },
              ],
            ],
          },
          "S3Key": {
            "Fn::Join": [
              "/",
              [
                {
                  "Fn::FindInMap": [
                    "SourceCode",
                    "General",
                    "CodeKeyPrefix",
                  ],
                },
                "test_operations.zip",
              ],
            ],
          },
        },
        "Environment": {
          "Variables": {
            "DATAPLANE_BUCKET": {
              "Ref": "DataPlaneBucket",
            },
            "DataplaneEndpoint": {
              "Ref": "DataplaneEndpoint",
            },
          },
        },
        "FunctionName": {
          "Fn::Join": [
            "",
            [
              {
                "Ref": "AWS::StackName",
              },
              "-video-sync-ok",
            ],
          ],
        },
        "Handler": "test.video_sync_ok_lambda_handler",
        "Layers": [
          {
            "Ref": "referencetoMiTestStackMediaInsightsOnAwsPython311Layer",
          },
        ],
        "MemorySize": 256,
        "Role": {
          "Fn::GetAtt": [
            "TestExecutionRole",
            "Arn",
          ],
        },
        "Runtime": "python3.11",
        "Tags": [
          {
            "Key": "environment",
            "Value": "mie",
          },
        ],
        "Timeout": 900,
      },
      "Type": "AWS::Lambda::Function",
    },
  },
}
`;
